// Jest Snapshot v1, https://goo.gl/fbAQLP

exports[`AddListForm renders correctly 1`] = `ShallowWrapper {}`;
